  2023 11 15.474670 22 11 57.9161 -12 58 11.921 332.9913172 -12.9699781 332.9913438 -12.9700822   -0.0932    0.3747    0.1246 11 23 31.50     3.00 
  2023 11 15.475492 22 11 57.9234 -12 58 12.152 332.9913474 -12.9700423 332.9913861 -12.9700820   -0.1359    0.1429    0.1431 11 24 42.50     3.00 
  2023 11 15.475666 22 11 57.9369 -12 58 12.135 332.9914036 -12.9700374 332.9913951 -12.9700820    0.0300    0.1606    0.1185 11 24 57.50     3.00 
  2023 11 15.476649 22 11 57.9413 -12 58 12.127 332.9914220 -12.9700352 332.9914457 -12.9700818   -0.0829    0.1678    0.1251 11 26 22.50     3.00 
  2023 11 15.477309 22 11 57.9584 -12 58 12.240 332.9914931 -12.9700667 332.9914795 -12.9700817    0.0479    0.0539    0.0580 11 27 19.50     3.00 
  2023 11 15.477645 22 11 57.9486 -12 58 12.063 332.9914524 -12.9700176 332.9914967 -12.9700816   -0.1554    0.2304    0.1732 11 27 48.50     3.00 
  2023 11 15.479300 22 11 57.9727 -12 58 12.173 332.9915528 -12.9700482 332.9915813 -12.9700814   -0.0998    0.1194    0.0666 11 30 11.50     3.00 
  2023 11 15.479462 22 11 57.9864 -12 58 12.163 332.9916099 -12.9700453 332.9915895 -12.9700813    0.0715    0.1296    0.0805 11 30 25.50     3.00 
  2023 11 15.479624 22 11 57.9744 -12 58 11.855 332.9915598 -12.9699598 332.9915978 -12.9700813   -0.1333    0.4373    0.1469 11 30 39.50     3.00 
  2023 11 15.480284 22 11 57.9891 -12 58 12.208 332.9916212 -12.9700577 332.9916314 -12.9700812   -0.0356    0.0844    0.0725 11 31 36.50     3.00 
  2023 11 15.480619 22 11 57.9948 -12 58 12.009 332.9916452 -12.9700026 332.9916485 -12.9700812   -0.0115    0.2829    0.0385 11 32  5.50     3.00 
  2023 11 15.483571 22 11 58.0201 -12 58 11.837 332.9917506 -12.9699546 332.9917979 -12.9700808   -0.1659    0.4542    0.1986 11 36 20.50     3.00 
  2023 11 15.484381 22 11 58.0381 -12 58 12.197 332.9918255 -12.9700548 332.9918387 -12.9700807   -0.0463    0.0933    0.0686 11 37 30.50     3.00 
  2023 11 15.485544 22 11 58.0506 -12 58 11.968 332.9918775 -12.9699911 332.9918972 -12.9700806   -0.0690    0.3222    0.0252 11 39 11.00    20.00 
  2023 11 15.486632 22 11 58.0579 -12 58 12.223 332.9919078 -12.9700620 332.9919517 -12.9700805   -0.1537    0.0666    0.1658 11 40 45.00    20.00 
  2023 11 15.487720 22 11 58.0648 -12 58 12.164 332.9919367 -12.9700455 332.9920060 -12.9700804   -0.2431    0.1258    0.2147 11 42 19.00    20.00 
  2023 11 15.488808 22 11 58.0938 -12 58 12.184 332.9920575 -12.9700512 332.9920602 -12.9700804   -0.0096    0.1052    0.0591 11 43 53.00    20.00 
  2023 11 15.489896 22 11 58.1014 -12 58 12.234 332.9920892 -12.9700651 332.9921142 -12.9700803   -0.0879    0.0548    0.1877 11 45 27.00    20.00 
  2023 11 15.490984 22 11 58.1191 -12 58 12.212 332.9921629 -12.9700589 332.9921681 -12.9700803   -0.0181    0.0770    0.0656 11 47  1.00    20.00 
  2023 11 15.491343 22 11 58.1182 -12 58 12.120 332.9921591 -12.9700334 332.9921858 -12.9700803   -0.0936    0.1688    0.0651 11 47 32.00    20.00 
  2023 11 15.491701 22 11 58.1046 -12 58 12.058 332.9921026 -12.9700161 332.9922035 -12.9700803   -0.3538    0.2310    0.1338 11 48  3.00    20.00 
  2023 11 15.493148 22 11 58.1461 -12 58 12.088 332.9922752 -12.9700244 332.9922747 -12.9700803    0.0017    0.2011    0.0760 11 50  8.00    20.00 
  2023 11 15.493507 22 11 58.1514 -12 58 12.193 332.9922973 -12.9700537 332.9922923 -12.9700803    0.0175    0.0957    0.1319 11 50 39.00    20.00 
  2023 11 15.495683 22 11 58.1768 -12 58 12.153 332.9924034 -12.9700426 332.9923988 -12.9700803    0.0163    0.1358    0.0910 11 53 47.00    20.00 
  2023 11 15.496042 22 11 58.1723 -12 58 12.175 332.9923846 -12.9700485 332.9924163 -12.9700803   -0.1110    0.1145    0.0567 11 54 18.00    20.00 
  2023 11 15.497859 22 11 58.1873 -12 58 11.908 332.9924470 -12.9699745 332.9925046 -12.9700804   -0.2019    0.3812    0.0333 11 56 55.00    20.00 
  2023 11 15.502928 22 11 58.2594 -12 58 12.096 332.9927475 -12.9700266 332.9927484 -12.9700807   -0.0031    0.1945    0.1368 12  4 13.00    20.00 
  2023 11 15.504016 22 11 58.2664 -12 58 12.198 332.9927767 -12.9700550 332.9928002 -12.9700808   -0.0828    0.0928    0.0237 12  5 47.00    20.00 
  2023 11 15.504734 22 11 58.2739 -12 58 12.094 332.9928077 -12.9700261 332.9928343 -12.9700808   -0.0933    0.1972    0.0829 12  6 49.00    20.00 
  2023 11 15.506192 22 11 58.2882 -12 58 12.139 332.9928673 -12.9700385 332.9929034 -12.9700810   -0.1265    0.1529    0.1948 12  8 55.00    20.00 
