  2023 11 15.474277 22 11 53.1039 -12 58 20.766 332.9712663 -12.9724351 332.9712537 -12.9724295    0.0439   -0.0201    0.0705 11 22 57.50     3.00 
  2023 11 15.474670 22 11 53.1098 -12 58 20.724 332.9712909 -12.9724233 332.9712513 -12.9724238    0.1389    0.0016    0.1246 11 23 31.50     3.00 
  2023 11 15.475492 22 11 53.0965 -12 58 20.624 332.9712353 -12.9723954 332.9712463 -12.9724118   -0.0386    0.0589    0.1431 11 24 42.50     3.00 
  2023 11 15.475666 22 11 53.1046 -12 58 20.870 332.9712694 -12.9724638 332.9712453 -12.9724093    0.0845   -0.1962    0.1185 11 24 57.50     3.00 
  2023 11 15.476649 22 11 53.1029 -12 58 20.712 332.9712619 -12.9724200 332.9712393 -12.9723949    0.0794   -0.0902    0.1251 11 26 22.50     3.00 
  2023 11 15.477309 22 11 53.0980 -12 58 20.620 332.9712417 -12.9723944 332.9712353 -12.9723853    0.0225   -0.0327    0.0580 11 27 19.50     3.00 
  2023 11 15.479300 22 11 53.0917 -12 58 20.469 332.9712155 -12.9723526 332.9712234 -12.9723563   -0.0274    0.0131    0.0666 11 30 11.50     3.00 
  2023 11 15.479462 22 11 53.1078 -12 58 20.548 332.9712824 -12.9723744 332.9712224 -12.9723539    0.2105   -0.0738    0.0806 11 30 25.50     3.00 
  2023 11 15.479624 22 11 53.0969 -12 58 20.530 332.9712371 -12.9723694 332.9712214 -12.9723515    0.0550   -0.0644    0.1469 11 30 39.50     3.00 
  2023 11 15.480284 22 11 53.0968 -12 58 20.446 332.9712368 -12.9723461 332.9712175 -12.9723419    0.0677   -0.0152    0.0725 11 31 36.50     3.00 
  2023 11 15.480619 22 11 53.0961 -12 58 20.483 332.9712336 -12.9723563 332.9712155 -12.9723370    0.0637   -0.0693    0.0385 11 32  5.50     3.00 
  2023 11 15.482587 22 11 53.0721 -12 58 20.190 332.9711338 -12.9722749 332.9712039 -12.9723082   -0.2458    0.1202    0.1758 11 34 55.50     3.00 
  2023 11 15.483571 22 11 53.0861 -12 58 20.225 332.9711920 -12.9722846 332.9711981 -12.9722939   -0.0212    0.0332    0.1986 11 36 20.50     3.00 
  2023 11 15.484381 22 11 53.0856 -12 58 20.198 332.9711901 -12.9722772 332.9711933 -12.9722820   -0.0114    0.0175    0.0686 11 37 30.50     3.00 
  2023 11 15.485544 22 11 53.0866 -12 58 20.030 332.9711941 -12.9722306 332.9711866 -12.9722650    0.0264    0.1239    0.0252 11 39 11.00    20.00 
  2023 11 15.486632 22 11 53.0778 -12 58 20.177 332.9711576 -12.9722715 332.9711803 -12.9722491   -0.0797   -0.0806    0.1658 11 40 45.00    20.00 
  2023 11 15.487720 22 11 53.0631 -12 58 20.168 332.9710962 -12.9722688 332.9711740 -12.9722332   -0.2729   -0.1282    0.2147 11 42 19.00    20.00 
  2023 11 15.488808 22 11 53.0814 -12 58 20.011 332.9711724 -12.9722254 332.9711678 -12.9722172    0.0162   -0.0294    0.0591 11 43 53.00    20.00 
  2023 11 15.489896 22 11 53.0722 -12 58 20.113 332.9711341 -12.9722536 332.9711616 -12.9722013   -0.0966   -0.1882    0.1877 11 45 27.00    20.00 
  2023 11 15.490984 22 11 53.0782 -12 58 19.946 332.9711591 -12.9722071 332.9711555 -12.9721853    0.0126   -0.0784    0.0656 11 47  1.00    20.00 
  2023 11 15.491343 22 11 53.0773 -12 58 19.872 332.9711555 -12.9721866 332.9711535 -12.9721801    0.0071   -0.0234    0.0651 11 47 32.00    20.00 
  2023 11 15.491701 22 11 53.0756 -12 58 19.831 332.9711482 -12.9721754 332.9711514 -12.9721748   -0.0114   -0.0022    0.1338 11 48  3.00    20.00 
  2023 11 15.493148 22 11 53.0759 -12 58 19.684 332.9711498 -12.9721343 332.9711433 -12.9721536    0.0226    0.0694    0.0760 11 50  8.00    20.00 
  2023 11 15.493507 22 11 53.0851 -12 58 19.799 332.9711880 -12.9721663 332.9711413 -12.9721483    0.1638   -0.0649    0.1319 11 50 39.00    20.00 
  2023 11 15.495683 22 11 53.0731 -12 58 19.542 332.9711378 -12.9720949 332.9711293 -12.9721164    0.0298    0.0772    0.0910 11 53 47.00    20.00 
  2023 11 15.496042 22 11 53.0698 -12 58 19.612 332.9711240 -12.9721143 332.9711273 -12.9721111   -0.0118   -0.0116    0.0567 11 54 18.00    20.00 
  2023 11 15.497859 22 11 53.0777 -12 58 19.395 332.9711570 -12.9720542 332.9711174 -12.9720844    0.1389    0.1087    0.0333 11 56 55.00    20.00 
  2023 11 15.502928 22 11 53.0649 -12 58 19.154 332.9711039 -12.9719873 332.9710903 -12.9720098    0.0478    0.0811    0.1368 12  4 13.00    20.00 
  2023 11 15.504016 22 11 53.0527 -12 58 19.154 332.9710528 -12.9719873 332.9710846 -12.9719938   -0.1113    0.0235    0.0237 12  5 47.00    20.00 
  2023 11 15.504734 22 11 53.0612 -12 58 19.006 332.9710884 -12.9719461 332.9710808 -12.9719832    0.0267    0.1338    0.0829 12  6 49.00    20.00 
  2023 11 15.506192 22 11 53.0442 -12 58 19.021 332.9710176 -12.9719503 332.9710732 -12.9719617   -0.1953    0.0411    0.1948 12  8 55.00    20.00 
