  2023 11 15.474277 22 11 54.2555 -12 58 19.605 332.9760647 -12.9721126 332.9760541 -12.9721100    0.0374   -0.0093    0.0705 11 22 57.50     3.00 
  2023 11 15.474670 22 11 54.2572 -12 58 19.603 332.9760719 -12.9721118 332.9760495 -12.9721040    0.0786   -0.0284    0.1246 11 23 31.50     3.00 
  2023 11 15.475492 22 11 54.2445 -12 58 19.513 332.9760186 -12.9720870 332.9760399 -12.9720914   -0.0745    0.0156    0.1431 11 24 42.50     3.00 
  2023 11 15.475666 22 11 54.2542 -12 58 19.702 332.9760590 -12.9721394 332.9760378 -12.9720887    0.0742   -0.1823    0.1185 11 24 57.50     3.00 
  2023 11 15.476649 22 11 54.2500 -12 58 19.563 332.9760417 -12.9721007 332.9760264 -12.9720736    0.0538   -0.0976    0.1251 11 26 22.50     3.00 
  2023 11 15.477309 22 11 54.2465 -12 58 19.440 332.9760271 -12.9720665 332.9760187 -12.9720635    0.0294   -0.0108    0.0580 11 27 19.50     3.00 
  2023 11 15.479300 22 11 54.2360 -12 58 19.300 332.9759834 -12.9720278 332.9759958 -12.9720330   -0.0436    0.0186    0.0666 11 30 11.50     3.00 
  2023 11 15.479462 22 11 54.2516 -12 58 19.352 332.9760483 -12.9720422 332.9759939 -12.9720305    0.1908   -0.0423    0.0805 11 30 25.50     3.00 
  2023 11 15.479624 22 11 54.2424 -12 58 19.389 332.9760100 -12.9720526 332.9759921 -12.9720280    0.0630   -0.0885    0.1469 11 30 39.50     3.00 
  2023 11 15.480284 22 11 54.2387 -12 58 19.278 332.9759944 -12.9720216 332.9759845 -12.9720179    0.0348   -0.0133    0.0725 11 31 36.50     3.00 
  2023 11 15.480619 22 11 54.2400 -12 58 19.306 332.9759999 -12.9720295 332.9759807 -12.9720127    0.0674   -0.0606    0.0385 11 32  5.50     3.00 
  2023 11 15.482587 22 11 54.2153 -12 58 19.017 332.9758972 -12.9719492 332.9759584 -12.9719824   -0.2145    0.1198    0.1758 11 34 55.50     3.00 
  2023 11 15.483571 22 11 54.2247 -12 58 19.064 332.9759361 -12.9719623 332.9759473 -12.9719673   -0.0391    0.0179    0.1986 11 36 20.50     3.00 
  2023 11 15.484381 22 11 54.2231 -12 58 19.035 332.9759294 -12.9719542 332.9759382 -12.9719548   -0.0307    0.0022    0.0686 11 37 30.50     3.00 
  2023 11 15.485544 22 11 54.2233 -12 58 18.871 332.9759304 -12.9719087 332.9759251 -12.9719369    0.0183    0.1015    0.0252 11 39 11.00    20.00 
  2023 11 15.486632 22 11 54.2132 -12 58 18.992 332.9758883 -12.9719423 332.9759130 -12.9719201   -0.0868   -0.0797    0.1658 11 40 45.00    20.00 
  2023 11 15.487720 22 11 54.1985 -12 58 18.989 332.9758272 -12.9719413 332.9759010 -12.9719034   -0.2587   -0.1365    0.2147 11 42 19.00    20.00 
  2023 11 15.488808 22 11 54.2136 -12 58 18.825 332.9758898 -12.9718957 332.9758890 -12.9718866    0.0029   -0.0330    0.0591 11 43 53.00    20.00 
  2023 11 15.489896 22 11 54.2042 -12 58 18.912 332.9758507 -12.9719199 332.9758771 -12.9718698   -0.0927   -0.1805    0.1877 11 45 27.00    20.00 
  2023 11 15.490984 22 11 54.2078 -12 58 18.739 332.9758660 -12.9718719 332.9758652 -12.9718529    0.0028   -0.0682    0.0656 11 47  1.00    20.00 
  2023 11 15.491343 22 11 54.2069 -12 58 18.672 332.9758619 -12.9718533 332.9758613 -12.9718474    0.0021   -0.0211    0.0651 11 47 32.00    20.00 
  2023 11 15.491701 22 11 54.2060 -12 58 18.643 332.9758584 -12.9718453 332.9758574 -12.9718418    0.0034   -0.0123    0.1338 11 48  3.00    20.00 
  2023 11 15.493148 22 11 54.2035 -12 58 18.484 332.9758479 -12.9718011 332.9758418 -12.9718195    0.0213    0.0661    0.0760 11 50  8.00    20.00 
  2023 11 15.493507 22 11 54.2112 -12 58 18.603 332.9758800 -12.9718342 332.9758380 -12.9718139    0.1476   -0.0732    0.1319 11 50 39.00    20.00 
  2023 11 15.495683 22 11 54.1973 -12 58 18.342 332.9758220 -12.9717616 332.9758147 -12.9717802    0.0257    0.0670    0.0910 11 53 47.00    20.00 
  2023 11 15.496042 22 11 54.1932 -12 58 18.402 332.9758048 -12.9717783 332.9758109 -12.9717746   -0.0213   -0.0131    0.0567 11 54 18.00    20.00 
  2023 11 15.497859 22 11 54.1992 -12 58 18.201 332.9758300 -12.9717226 332.9757917 -12.9717464    0.1342    0.0858    0.0333 11 56 55.00    20.00 
  2023 11 15.502928 22 11 54.1801 -12 58 17.941 332.9757503 -12.9716504 332.9757392 -12.9716677    0.0389    0.0623    0.1368 12  4 13.00    20.00 
  2023 11 15.504016 22 11 54.1676 -12 58 17.933 332.9756984 -12.9716480 332.9757281 -12.9716507   -0.1042    0.0098    0.0237 12  5 47.00    20.00 
  2023 11 15.504734 22 11 54.1750 -12 58 17.796 332.9757292 -12.9716101 332.9757208 -12.9716396    0.0295    0.1061    0.0829 12  6 49.00    20.00 
  2023 11 15.506192 22 11 54.1579 -12 58 17.778 332.9756577 -12.9716051 332.9757061 -12.9716168   -0.1698    0.0423    0.1948 12  8 55.00    20.00 
