  2023 11 15.474277 22 12  8.3567 -12 58 34.955 333.0348194 -12.9763763 333.0348161 -12.9763440    0.0117   -0.1163    0.0705 11 22 57.50     3.00 
  2023 11 15.474670 22 12  8.3507 -12 58 35.085 333.0347947 -12.9764125 333.0348221 -12.9763419   -0.0962   -0.2541    0.1246 11 23 31.50     3.00 
  2023 11 15.475492 22 12  8.3575 -12 58 34.812 333.0348230 -12.9763366 333.0348346 -12.9763374   -0.0407    0.0029    0.1431 11 24 42.50     3.00 
  2023 11 15.475666 22 12  8.3617 -12 58 34.905 333.0348404 -12.9763626 333.0348373 -12.9763365    0.0110   -0.0939    0.1185 11 24 57.50     3.00 
  2023 11 15.476649 22 12  8.3554 -12 58 35.010 333.0348141 -12.9763918 333.0348522 -12.9763312   -0.1338   -0.2181    0.1251 11 26 22.50     3.00 
  2023 11 15.477309 22 12  8.3670 -12 58 34.783 333.0348626 -12.9763285 333.0348623 -12.9763276    0.0010   -0.0032    0.0580 11 27 19.50     3.00 
  2023 11 15.479300 22 12  8.3743 -12 58 34.693 333.0348929 -12.9763036 333.0348926 -12.9763168    0.0012    0.0474    0.0666 11 30 11.50     3.00 
  2023 11 15.479462 22 12  8.3753 -12 58 34.779 333.0348969 -12.9763274 333.0348950 -12.9763159    0.0065   -0.0415    0.0805 11 30 25.50     3.00 
  2023 11 15.479624 22 12  8.3804 -12 58 34.973 333.0349184 -12.9763813 333.0348975 -12.9763150    0.0732   -0.2387    0.1469 11 30 39.50     3.00 
  2023 11 15.480284 22 12  8.3656 -12 58 34.770 333.0348567 -12.9763251 333.0349075 -12.9763115   -0.1784   -0.0490    0.0725 11 31 36.50     3.00 
  2023 11 15.480619 22 12  8.3781 -12 58 34.821 333.0349088 -12.9763393 333.0349126 -12.9763096   -0.0134   -0.1067    0.0385 11 32  5.50     3.00 
  2023 11 15.481603 22 12  8.3878 -12 58 34.663 333.0349492 -12.9762952 333.0349276 -12.9763043    0.0760    0.0326    0.0569 11 33 30.50     3.00 
  2023 11 15.482587 22 12  8.3938 -12 58 34.658 333.0349740 -12.9762938 333.0349425 -12.9762989    0.1103    0.0187    0.1758 11 34 55.50     3.00 
  2023 11 15.483571 22 12  8.3921 -12 58 34.588 333.0349671 -12.9762744 333.0349575 -12.9762936    0.0338    0.0691    0.1986 11 36 20.50     3.00 
  2023 11 15.484381 22 12  8.3865 -12 58 34.673 333.0349437 -12.9762980 333.0349697 -12.9762892   -0.0914   -0.0317    0.0686 11 37 30.50     3.00 
  2023 11 15.485544 22 12  8.3947 -12 58 34.633 333.0349778 -12.9762869 333.0349874 -12.9762828   -0.0338   -0.0145    0.0252 11 39 11.00    20.00 
  2023 11 15.486632 22 12  8.3970 -12 58 34.633 333.0349875 -12.9762868 333.0350039 -12.9762769   -0.0576   -0.0356    0.1658 11 40 45.00    20.00 
  2023 11 15.487350 22 12  8.3875 -12 58 34.867 333.0349478 -12.9763521 333.0350148 -12.9762730   -0.2349   -0.2847    0.9904 11 41 47.00    20.00 
  2023 11 15.487720 22 12  8.4096 -12 58 34.633 333.0350401 -12.9762868 333.0350204 -12.9762710    0.0692   -0.0570    0.2147 11 42 19.00    20.00 
  2023 11 15.488808 22 12  8.4053 -12 58 34.501 333.0350220 -12.9762504 333.0350369 -12.9762650   -0.0523    0.0528    0.0591 11 43 53.00    20.00 
  2023 11 15.489167 22 12  8.3960 -12 58 34.743 333.0349832 -12.9763176 333.0350423 -12.9762631   -0.2073   -0.1962    0.9863 11 44 24.00    20.00 
  2023 11 15.489896 22 12  8.4185 -12 58 34.520 333.0350770 -12.9762554 333.0350533 -12.9762591    0.0832    0.0132    0.1877 11 45 27.00    20.00 
  2023 11 15.490984 22 12  8.4124 -12 58 34.471 333.0350516 -12.9762419 333.0350698 -12.9762531   -0.0637    0.0405    0.0656 11 47  1.00    20.00 
  2023 11 15.491343 22 12  8.4153 -12 58 34.437 333.0350639 -12.9762325 333.0350752 -12.9762512   -0.0399    0.0672    0.0651 11 47 32.00    20.00 
  2023 11 15.493148 22 12  8.4298 -12 58 34.423 333.0351243 -12.9762285 333.0351025 -12.9762413    0.0763    0.0460    0.0760 11 50  8.00    20.00 
  2023 11 15.493507 22 12  8.4282 -12 58 34.456 333.0351177 -12.9762377 333.0351080 -12.9762393    0.0341    0.0058    0.1319 11 50 39.00    20.00 
  2023 11 15.495683 22 12  8.4345 -12 58 34.406 333.0351439 -12.9762239 333.0351408 -12.9762274    0.0106    0.0126    0.0910 11 53 47.00    20.00 
  2023 11 15.496042 22 12  8.4307 -12 58 34.424 333.0351278 -12.9762290 333.0351463 -12.9762254   -0.0646   -0.0127    0.0567 11 54 18.00    20.00 
  2023 11 15.497859 22 12  8.4262 -12 58 34.424 333.0351092 -12.9762289 333.0351737 -12.9762155   -0.2262   -0.0484    0.0333 11 56 55.00    20.00 
  2023 11 15.504016 22 12  8.4674 -12 58 34.334 333.0352810 -12.9762039 333.0352665 -12.9761816    0.0507   -0.0803    0.0237 12  5 47.00    20.00 
  2023 11 15.504734 22 12  8.4642 -12 58 34.258 333.0352675 -12.9761829 333.0352773 -12.9761776   -0.0344   -0.0189    0.0829 12  6 49.00    20.00 
  2023 11 15.506192 22 12  8.4713 -12 58 34.286 333.0352972 -12.9761904 333.0352993 -12.9761696   -0.0073   -0.0751    0.1948 12  8 55.00    20.00 
