  2023 11 15.474277 22 11 59.9494 -12 57 45.879 332.9997893 -12.9627442 332.9997984 -12.9627074   -0.0321   -0.1326    0.0705 11 22 57.50     3.00 
  2023 11 15.474670 22 11 59.9564 -12 57 45.775 332.9998182 -12.9627154 332.9998123 -12.9627048    0.0208   -0.0380    0.1246 11 23 31.50     3.00 
  2023 11 15.475492 22 11 59.9547 -12 57 45.639 332.9998113 -12.9626774 332.9998413 -12.9626994   -0.1055    0.0794    0.1431 11 24 42.50     3.00 
  2023 11 15.475666 22 11 59.9692 -12 57 45.797 332.9998717 -12.9627213 332.9998475 -12.9626983    0.0849   -0.0829    0.1185 11 24 57.50     3.00 
  2023 11 15.476649 22 11 59.9716 -12 57 45.786 332.9998819 -12.9627184 332.9998822 -12.9626919   -0.0014   -0.0953    0.1251 11 26 22.50     3.00 
  2023 11 15.477309 22 11 59.9737 -12 57 45.688 332.9998902 -12.9626911 332.9999055 -12.9626876   -0.0537   -0.0126    0.0580 11 27 19.50     3.00 
  2023 11 15.479300 22 11 59.9916 -12 57 45.580 332.9999649 -12.9626611 332.9999759 -12.9626746   -0.0386    0.0487    0.0666 11 30 11.50     3.00 
  2023 11 15.479462 22 11 59.9997 -12 57 45.632 332.9999986 -12.9626757 332.9999816 -12.9626735    0.0598   -0.0078    0.0805 11 30 25.50     3.00 
  2023 11 15.479624 22 11 59.9955 -12 57 45.784 332.9999814 -12.9627179 332.9999873 -12.9626725   -0.0209   -0.1636    0.1469 11 30 39.50     3.00 
  2023 11 15.480284 22 12  0.0016 -12 57 45.801 333.0000067 -12.9627226 333.0000106 -12.9626681   -0.0137   -0.1959    0.0725 11 31 36.50     3.00 
  2023 11 15.480619 22 12  0.0125 -12 57 45.565 333.0000522 -12.9626570 333.0000225 -12.9626659    0.1041    0.0322    0.0385 11 32  5.50     3.00 
  2023 11 15.481603 22 12  0.0189 -12 57 45.548 333.0000788 -12.9626523 333.0000572 -12.9626595    0.0757    0.0259    0.0569 11 33 30.50     3.00 
  2023 11 15.483571 22 12  0.0284 -12 57 45.600 333.0001183 -12.9626666 333.0001268 -12.9626466   -0.0297   -0.0718    0.1986 11 36 20.50     3.00 
  2023 11 15.484381 22 12  0.0354 -12 57 45.541 333.0001475 -12.9626504 333.0001554 -12.9626413   -0.0275   -0.0327    0.0686 11 37 30.50     3.00 
  2023 11 15.485544 22 12  0.0477 -12 57 45.433 333.0001988 -12.9626203 333.0001965 -12.9626337    0.0082    0.0483    0.0252 11 39 11.00    20.00 
  2023 11 15.486632 22 12  0.0533 -12 57 45.519 333.0002220 -12.9626443 333.0002349 -12.9626266   -0.0453   -0.0637    0.1658 11 40 45.00    20.00 
  2023 11 15.487720 22 12  0.0539 -12 57 45.530 333.0002245 -12.9626472 333.0002733 -12.9626195   -0.1713   -0.0999    0.2147 11 42 19.00    20.00 
  2023 11 15.488808 22 12  0.0764 -12 57 45.446 333.0003184 -12.9626239 333.0003118 -12.9626123    0.0233   -0.0416    0.0591 11 43 53.00    20.00 
  2023 11 15.489896 22 12  0.0820 -12 57 45.476 333.0003415 -12.9626322 333.0003502 -12.9626052   -0.0304   -0.0972    0.1877 11 45 27.00    20.00 
  2023 11 15.490984 22 12  0.0937 -12 57 45.433 333.0003903 -12.9626202 333.0003886 -12.9625981    0.0057   -0.0796    0.0656 11 47  1.00    20.00 
  2023 11 15.491343 22 12  0.0947 -12 57 45.297 333.0003945 -12.9625825 333.0004013 -12.9625957   -0.0240    0.0476    0.0651 11 47 32.00    20.00 
  2023 11 15.493148 22 12  0.1101 -12 57 45.280 333.0004590 -12.9625779 333.0004651 -12.9625839   -0.0215    0.0216    0.0760 11 50  8.00    20.00 
  2023 11 15.493507 22 12  0.1234 -12 57 45.271 333.0005141 -12.9625752 333.0004778 -12.9625815    0.1273    0.0227    0.1319 11 50 39.00    20.00 
  2023 11 15.495683 22 12  0.1366 -12 57 45.248 333.0005690 -12.9625690 333.0005546 -12.9625672    0.0503   -0.0064    0.0910 11 53 47.00    20.00 
  2023 11 15.496042 22 12  0.1354 -12 57 45.296 333.0005641 -12.9625823 333.0005673 -12.9625649   -0.0113   -0.0625    0.0567 11 54 18.00    20.00 
  2023 11 15.497859 22 12  0.1628 -12 57 45.222 333.0006784 -12.9625617 333.0006315 -12.9625530    0.1645   -0.0314    0.0333 11 56 55.00    20.00 
  2023 11 15.502928 22 12  0.1934 -12 57 45.090 333.0008058 -12.9625250 333.0008106 -12.9625196   -0.0168   -0.0194    0.1368 12  4 13.00    20.00 
  2023 11 15.504016 22 12  0.1968 -12 57 45.141 333.0008199 -12.9625391 333.0008490 -12.9625125   -0.1021   -0.0958    0.0237 12  5 47.00    20.00 
  2023 11 15.504734 22 12  0.2077 -12 57 45.011 333.0008653 -12.9625031 333.0008744 -12.9625078   -0.0318    0.0168    0.0829 12  6 49.00    20.00 
  2023 11 15.506192 22 12  0.2197 -12 57 44.954 333.0009155 -12.9624872 333.0009259 -12.9624982   -0.0365    0.0393    0.1948 12  8 55.00    20.00 
